// Jest Snapshot v1, https://goo.gl/fbAQLP

exports[`ProgramRecordsList test components should match the snapshot 1`] = `"<main id=\\"main-content\\" class=\\"pt-5 pb-5 pl-4 pr-4 \\" tabindex=\\"-1\\"><a href=\\"http://localhost:18000/u/undefined\\" target=\\"_self\\" class=\\"mb-4 d-inline-block muted-link pl-3 pr-3\\"><svg width=\\"24\\" height=\\"24\\" viewBox=\\"0 0 24 24\\" fill=\\"none\\" xmlns=\\"http://www.w3.org/2000/svg\\" class=\\"mb-1\\"><path d=\\"M15.41 7.41L14 6l-6 6 6 6 1.41-1.41L10.83 12l4.58-4.59z\\" fill=\\"currentColor\\"></path></svg><span>Back to My Profile</span></a><h1 class=\\"h3 pl-3 pr-3 mb-4\\"><span>My Learner Records</span></h1><div class=\\"pl-3 pr-3 pt-4 pb-1\\"><h3 class=\\"h5\\"><span>Questions about Learner Records?</span></h3><span>To learn more about records you can </span><a href=\\"undefined\\" target=\\"_self\\" variant=\\"muted\\" class=\\"text-primary-900\\"><span>read more in our records help area.</span></a></div></main>"`;

exports[`ProgramRecordsList tests with completed programs should contain DataTable with completed programs 1`] = `"<main id=\\"main-content\\" class=\\"pt-5 pb-5 pl-4 pr-4 \\" tabindex=\\"-1\\"><a href=\\"http://localhost:18000/u/undefined\\" target=\\"_self\\" class=\\"mb-4 d-inline-block muted-link pl-3 pr-3\\"><svg width=\\"24\\" height=\\"24\\" viewBox=\\"0 0 24 24\\" fill=\\"none\\" xmlns=\\"http://www.w3.org/2000/svg\\" class=\\"mb-1\\"><path d=\\"M15.41 7.41L14 6l-6 6 6 6 1.41-1.41L10.83 12l4.58-4.59z\\" fill=\\"currentColor\\"></path></svg><span>Back to My Profile</span></a><h1 class=\\"h3 pl-3 pr-3 mb-4\\"><span>My Learner Records</span></h1><section id=\\"program-records-list\\" class=\\"pl-3 pr-3 pb-3\\"><header><h2 class=\\"h4\\"><span>Program Records</span></h2><p><span>A program record is created once you have earned at least one course certificate in a program.</span></p></header><div class=\\"pgn__data-table-wrapper\\"><div class=\\"pgn__data-table-container\\"><table role=\\"table\\" class=\\"pgn__data-table is-striped\\"><thead><tr role=\\"row\\"><th colSpan=\\"1\\" role=\\"columnheader\\"><span class=\\"d-flex align-items-center\\"><span>Program Name</span></span></th><th colSpan=\\"1\\" role=\\"columnheader\\"><span class=\\"d-flex align-items-center\\"><span>School</span></span></th><th colSpan=\\"1\\" role=\\"columnheader\\"><span class=\\"d-flex align-items-center\\"><span>Status</span></span></th><th colSpan=\\"1\\" role=\\"columnheader\\"><span class=\\"d-flex align-items-center\\"><span></span></span></th></tr></thead><tbody role=\\"rowgroup\\"><tr role=\\"row\\" class=\\"pgn__data-table-row\\"><td role=\\"cell\\"><span class=\\"pgn__data-table-cell-wrap\\">myProgram</span></td><td role=\\"cell\\"><span class=\\"pgn__data-table-cell-wrap\\">edX</span></td><td role=\\"cell\\"><span class=\\"pgn__data-table-cell-wrap\\">Completed</span></td><td role=\\"cell\\"><span class=\\"pgn__data-table-cell-wrap\\"><a href=\\"http://localhost:18150/records/programs/12345/\\" target=\\"_self\\" variant=\\"muted\\"><button type=\\"button\\" class=\\"btn btn-outline-primary\\"><span>View Program Record</span></button></a></span></td></tr></tbody></table></div></div></section><div class=\\"pl-3 pr-3 pt-4 pb-1\\"><h3 class=\\"h5\\"><span>Questions about Learner Records?</span></h3><span>To learn more about records you can </span><a href=\\"undefined\\" target=\\"_self\\" variant=\\"muted\\" class=\\"text-primary-900\\"><span>read more in our records help area.</span></a></div></main>"`;

exports[`ProgramRecordsList tests with empty data should not contain a DataTable 1`] = `"<main id=\\"main-content\\" class=\\"pt-5 pb-5 pl-4 pr-4 \\" tabindex=\\"-1\\"><a href=\\"http://localhost:18000/u/undefined\\" target=\\"_self\\" class=\\"mb-4 d-inline-block muted-link pl-3 pr-3\\"><svg width=\\"24\\" height=\\"24\\" viewBox=\\"0 0 24 24\\" fill=\\"none\\" xmlns=\\"http://www.w3.org/2000/svg\\" class=\\"mb-1\\"><path d=\\"M15.41 7.41L14 6l-6 6 6 6 1.41-1.41L10.83 12l4.58-4.59z\\" fill=\\"currentColor\\"></path></svg><span>Back to My Profile</span></a><h1 class=\\"h3 pl-3 pr-3 mb-4\\"><span>My Learner Records</span></h1><div tabindex=\\"-1\\"><div role=\\"alert\\" class=\\"fade alert alert-danger show\\"><svg width=\\"24\\" height=\\"24\\" viewBox=\\"0 0 24 24\\" fill=\\"none\\" xmlns=\\"http://www.w3.org/2000/svg\\" class=\\"text-danger-500 mr-2 mb-1\\"><path d=\\"M12 2C6.48 2 2 6.48 2 12s4.48 10 10 10 10-4.48 10-10S17.52 2 12 2zm1 15h-2v-6h2v6zm0-8h-2V7h2v2z\\" fill=\\"currentColor\\"></path></svg><span>An error occurred attempting to retrieve your program records. Please try again later.</span></div></div><div class=\\"pl-3 pr-3 pt-4 pb-1\\"><h3 class=\\"h5\\"><span>Questions about Learner Records?</span></h3><span>To learn more about records you can </span><a href=\\"undefined\\" target=\\"_self\\" variant=\\"muted\\" class=\\"text-primary-900\\"><span>read more in our records help area.</span></a></div></main>"`;

exports[`ProgramRecordsList tests with partially completed data should contain DataTable with partially completed programs 1`] = `"<main id=\\"main-content\\" class=\\"pt-5 pb-5 pl-4 pr-4 \\" tabindex=\\"-1\\"><a href=\\"http://localhost:18000/u/undefined\\" target=\\"_self\\" class=\\"mb-4 d-inline-block muted-link pl-3 pr-3\\"><svg width=\\"24\\" height=\\"24\\" viewBox=\\"0 0 24 24\\" fill=\\"none\\" xmlns=\\"http://www.w3.org/2000/svg\\" class=\\"mb-1\\"><path d=\\"M15.41 7.41L14 6l-6 6 6 6 1.41-1.41L10.83 12l4.58-4.59z\\" fill=\\"currentColor\\"></path></svg><span>Back to My Profile</span></a><h1 class=\\"h3 pl-3 pr-3 mb-4\\"><span>My Learner Records</span></h1><section id=\\"program-records-list\\" class=\\"pl-3 pr-3 pb-3\\"><header><h2 class=\\"h4\\"><span>Program Records</span></h2><p><span>A program record is created once you have earned at least one course certificate in a program.</span></p></header><div class=\\"pgn__data-table-wrapper\\"><div class=\\"pgn__data-table-container\\"><table role=\\"table\\" class=\\"pgn__data-table is-striped\\"><thead><tr role=\\"row\\"><th colSpan=\\"1\\" role=\\"columnheader\\"><span class=\\"d-flex align-items-center\\"><span>Program Name</span></span></th><th colSpan=\\"1\\" role=\\"columnheader\\"><span class=\\"d-flex align-items-center\\"><span>School</span></span></th><th colSpan=\\"1\\" role=\\"columnheader\\"><span class=\\"d-flex align-items-center\\"><span>Status</span></span></th><th colSpan=\\"1\\" role=\\"columnheader\\"><span class=\\"d-flex align-items-center\\"><span></span></span></th></tr></thead><tbody role=\\"rowgroup\\"><tr role=\\"row\\" class=\\"pgn__data-table-row\\"><td role=\\"cell\\"><span class=\\"pgn__data-table-cell-wrap\\">myProgram</span></td><td role=\\"cell\\"><span class=\\"pgn__data-table-cell-wrap\\">edX</span></td><td role=\\"cell\\"><span class=\\"pgn__data-table-cell-wrap\\">Partially Completed</span></td><td role=\\"cell\\"><span class=\\"pgn__data-table-cell-wrap\\"><a href=\\"http://localhost:18150/records/programs/12345/\\" target=\\"_self\\" variant=\\"muted\\"><button type=\\"button\\" class=\\"btn btn-outline-primary\\"><span>View Program Record</span></button></a></span></td></tr></tbody></table></div></div></section><div class=\\"pl-3 pr-3 pt-4 pb-1\\"><h3 class=\\"h5\\"><span>Questions about Learner Records?</span></h3><span>To learn more about records you can </span><a href=\\"undefined\\" target=\\"_self\\" variant=\\"muted\\" class=\\"text-primary-900\\"><span>read more in our records help area.</span></a></div></main>"`;
